{"synthetic": false,
 "schemaVersion": "2025-09-10",
 "outputs":
 {"o": ["37e5ff640404dec8.olean"],
  "i": "d5db78167014ab1b.ilean",
  "c": "1d0a0fc43721a14d.c"},
 "log":
 [{"message":
   ".> LEAN_PATH=/home/lua/dados/projetos/codigo/emacs/lean-ts-mode/plugin/.lake/build/lib/lean /home/lua/.elan/toolchains/leanprover--lean4---v4.29.0-rc2/bin/lean /home/lua/dados/projetos/codigo/emacs/lean-ts-mode/plugin/ServerPlugin.lean -o /home/lua/dados/projetos/codigo/emacs/lean-ts-mode/plugin/.lake/build/lib/lean/ServerPlugin.olean -i /home/lua/dados/projetos/codigo/emacs/lean-ts-mode/plugin/.lake/build/lib/lean/ServerPlugin.ilean -c /home/lua/dados/projetos/codigo/emacs/lean-ts-mode/plugin/.lake/build/ir/ServerPlugin.c --setup /home/lua/dados/projetos/codigo/emacs/lean-ts-mode/plugin/.lake/build/ir/ServerPlugin.setup.json --json",
   "level": "trace"}],
 "inputs":
 [["ServerPlugin:deps",
   [["deps",
     [["plugin/ServerPlugin:extraDep",
       [["@plugin:extraDep", "00000000000006bb"]]],
      ["imports", "00000000000006bb"]]],
    ["libs",
     [["import dynlibs", "00000000000006bb"],
      ["package external libraries", "00000000000006bb"],
      ["module dynlibs", "00000000000006bb"],
      ["module plugins", "00000000000006bb"]]]]],
  ["Lean 4.29.0, commit 83e54b65b65d1d3ce31d99d820a7bd5f3e219295",
   "e77748eb16099172"],
  ["/home/lua/dados/projetos/codigo/emacs/lean-ts-mode/plugin/ServerPlugin.lean",
   "50787e45a7179785"],
  ["options", "00000000000006bb"],
  ["isModule: false", "feefd2a0d3a1847e"],
  ["Module.name: ServerPlugin", "b1f140242c2d6260"],
  ["Package.id?: (some plugin)", "dda214c3a34d1ff0"],
  ["Module.leanArgs: #[]", "00000000000006bb"]],
 "depHash": "f76ea6a2e1594afb"}